
> vending@0.1.0 build
> next build

(node:52912) ExperimentalWarning: CommonJS module C:\Users\asadn\Desktop\Projects\vending\next.config.compiled.js is loading ES Module C:\Users\asadn\Desktop\Projects\vending\node_modules\@opennextjs\cloudflare\dist\api\index.js using require().
Support for loading ES Module in require() is an experimental feature and might change at any time
(Use `node --trace-warnings ...` to show where the warning was created)
Γû▓ Next.js 16.1.6 (Turbopack)
- Environments: .env
- Experiments (use with caution):
  ┬╖ serverActions

Using vars defined in .dev.vars
(node:52912) [DEP0040] DeprecationWarning: The `punycode` module is deprecated. Please use a userland alternative instead.
  Creating an optimized production build ...
(node:52912) ExperimentalWarning: CommonJS module C:\Users\asadn\Desktop\Projects\vending\next.config.compiled.js is loading ES Module C:\Users\asadn\Desktop\Projects\vending\node_modules\@opennextjs\cloudflare\dist\api\index.js using require().
Support for loading ES Module in require() is an experimental feature and might change at any time
(Use `node --trace-warnings ...` to show where the warning was created)
Using vars defined in .dev.vars
(node:52912) [DEP0040] DeprecationWarning: The `punycode` module is deprecated. Please use a userland alternative instead.
Γ£ô Compiled successfully in 4.2s
  Running TypeScript ...
  Collecting page data using 15 workers ...
  Generating static pages using 15 workers (0/2) ...
Γ£ô Generating static pages using 15 workers (2/2) in 110.1ms
  Finalizing page optimization ...

Route (app)
Γöî ╞Æ /
Γö£ ╞Æ /_not-found
Γö£ ╞Æ /admin
Γö£ ╞Æ /admin/analytics
Γö£ ╞Æ /admin/dispatches
Γö£ ╞Æ /admin/financials
Γö£ ╞Æ /admin/history
Γö£ ╞Æ /admin/machine-stock
Γö£ ╞Æ /admin/manage
Γö£ ╞Æ /admin/orders
Γö£ ╞Æ /admin/refunds
Γö£ ╞Æ /admin/returns
Γö£ ╞Æ /admin/warehouse
Γö£ ╞Æ /api/export-zatca
Γö£ ╞Æ /driver
Γöö ╞Æ /refund-request/[machineId]


╞Æ  (Dynamic)  server-rendered on demand

